core_cm3.h:1511:22:__NVIC_EnableIRQ	16	static
core_cm3.h:1639:22:__NVIC_SetPriority	16	static
main.c:19:6:init_gpio	4	static
main.c:36:6:digit	16	static
main.c:75:6:delay	24	static
main.c:80:6:init_interrupt	8	static
main.c:97:6:EXTI15_10_IRQHandler	8	static
main.c:119:6:initClk	4	static
main.c:159:6:init_tim2	8	static
main.c:174:6:TIM2_IRQHandler	4	static
main.c:208:6:TIM3_IRQHandler	8	static
main.c:228:6:initTIM3	8	static
main.c:242:6:init_UART2	8	static
main.c:261:6:USART2_IRQHandler	16	static
main.c:275:6:TxStr	32	static
main.c:288:6:ExecuteCommand	24	static
main.c:399:5:main	8	static
